%!Adobe-FontList 1.20
%Locale:0x419

%BeginFont
Handler:DirectoryHandler
FontType:TrueType
FontName:AktivGroteskCorp-Regular
FamilyName:Aktiv Grotesk Corp
StyleName:Regular
FullName:AktivGroteskCorp-Regular
MenuName:Aktiv Grotesk Corp
StyleBits:0
WritingScript:Roman
OutlineFileName:C:\Users\gekto\Downloads\Telegram Desktop\артоника нг 2021\artonica_2021_открытка часть 1\Document fonts\AktivGroteskCorp-Regular.ttf
DataFormat:sfntData
hasSVG:no
VariableFontType:NonVariableFont
FileLength:216460
FileModTime:1499174897
WeightClass:400
WidthClass:5
AngleClass:0
NameArray:0,Mac,18,Aktiv Grotesk Corp
NameArray:0,Mac,4,AktivGroteskCorp-Regular
NameArray:0,Win,1,Aktiv Grotesk Corp
NameArray:0,Win,16,Aktiv Grotesk Corp
%EndFont

%BeginFont
Handler:DirectoryHandler
FontType:Type1
FontName:MinionPro-Regular
FamilyName:Minion Pro
StyleName:Regular
FullName:Minion Pro
MenuName:Minion Pro
StyleBits:0
WritingScript:Roman
OutlineFileName:C:\Users\gekto\Downloads\Telegram Desktop\артоника нг 2021\artonica_2021_открытка часть 1\Document fonts\MinionPro-Regular.otf
DataFormat:sfntData
UsesStandardEncoding:yes
isCFF:yes
hasSVG:no
VariableFontType:NonVariableFont
FileLength:218640
FileModTime:1507086654
WeightClass:400
WidthClass:5
AngleClass:0
DesignSize:110
NameArray:0,Mac,4,Minion Pro
NameArray:0,Win,1,Minion Pro
%EndFont

%BeginFont
Handler:DirectoryHandler
FontType:TrueType
FontName:Nunito-Black
FamilyName:Nunito
StyleName:Black
FullName:Nunito Black
MenuName:Nunito Black
StyleBits:0
WritingScript:Roman
OutlineFileName:C:\Users\gekto\Downloads\Telegram Desktop\артоника нг 2021\artonica_2021_открытка часть 1\Document fonts\Nunito-Black.ttf
DataFormat:sfntData
hasSVG:no
VariableFontType:NonVariableFont
FileLength:155864
FileModTime:1344715200
WeightClass:900
WidthClass:5
AngleClass:0
NameArray:0,Win,1,Nunito Black
NameArray:0,Win,16,Nunito
%EndFont

%BeginFont
Handler:DirectoryHandler
FontType:TrueType
FontName:Nunito-Bold
FamilyName:Nunito
StyleName:Bold
FullName:Nunito Bold
MenuName:Nunito
StyleBits:2
WritingScript:Roman
OutlineFileName:C:\Users\gekto\Downloads\Telegram Desktop\артоника нг 2021\artonica_2021_открытка часть 1\Document fonts\Nunito-Bold.ttf
DataFormat:sfntData
hasSVG:no
VariableFontType:NonVariableFont
FileLength:152748
FileModTime:1344715200
WeightClass:700
WidthClass:5
AngleClass:0
NameArray:0,Win,1,Nunito
%EndFont

%BeginFont
Handler:DirectoryHandler
FontType:TrueType
FontName:Nunito-SemiBold
FamilyName:Nunito
StyleName:SemiBold
FullName:Nunito SemiBold
MenuName:Nunito SemiBold
StyleBits:0
WritingScript:Roman
OutlineFileName:C:\Users\gekto\Downloads\Telegram Desktop\артоника нг 2021\artonica_2021_открытка часть 1\Document fonts\Nunito-SemiBold.ttf
DataFormat:sfntData
hasSVG:no
VariableFontType:NonVariableFont
FileLength:153116
FileModTime:1344715200
WeightClass:600
WidthClass:5
AngleClass:0
NameArray:0,Win,1,Nunito SemiBold
NameArray:0,Win,16,Nunito
%EndFont

